[2026-09-25T01:36:09.288Z] [INFO] MU Online started
[2026-09-25T01:36:09.577Z] [INFO] Game data folder already exists
[2026-09-25T01:36:10.358Z] [INFO] Looking for Settings.ini at: C:\launcher\dist-limpo\win-unpacked\Settings.ini
[2026-09-25T01:36:10.360Z] [INFO] Settings.ini not found, using default performance settings
[2026-09-25T01:37:32.331Z] [INFO] Game exe path: C:\launcher\dist-limpo\win-unpacked\main.exe
[2026-09-25T01:37:32.332Z] [INFO] cwd: C:\launcher\dist-limpo\win-unpacked
[2026-09-25T01:37:33.915Z] [INFO] Game started with PID: 10280
[2026-09-25T01:37:35.917Z] [INFO] MU launched successfully
[2026-09-25T01:38:46.256Z] [INFO] Game process exited with code: 3221226356
[2026-09-25T01:38:56.599Z] [INFO] Game exe path: C:\launcher\dist-limpo\win-unpacked\main.exe
[2026-09-25T01:38:56.600Z] [INFO] cwd: C:\launcher\dist-limpo\win-unpacked
[2026-09-25T01:38:56.607Z] [INFO] Game started with PID: 6732
[2026-09-25T01:38:58.618Z] [INFO] MU launched successfully
[2026-09-25T01:40:04.747Z] [INFO] Game process exited with code: 3221226356
[2026-09-25T01:41:13.740Z] [INFO] MU Online started
[2026-09-25T01:41:13.826Z] [INFO] Terminating all main.exe processes...
[2026-09-25T01:41:18.864Z] [INFO] MU Online started
[2026-09-25T01:41:18.914Z] [INFO] Terminating all main.exe processes...
[2026-09-25T01:41:25.594Z] [INFO] MU Online started
[2026-09-25T01:41:25.647Z] [INFO] Terminating all main.exe processes...
[2026-09-25T01:41:44.189Z] [INFO] Game exe path: C:\launcher\dist-limpo\win-unpacked\main.exe
[2026-09-25T01:41:44.189Z] [INFO] cwd: C:\launcher\dist-limpo\win-unpacked
[2026-09-25T01:41:44.195Z] [INFO] Game started with PID: 16260
[2026-09-25T01:41:46.211Z] [INFO] MU launched successfully
[2026-09-25T01:49:20.306Z] [INFO] Game process exited with code: 3221226356
[2026-09-25T02:29:17.212Z] [INFO] Terminating all main.exe processes...
[2026-09-25T02:29:17.227Z] [INFO] Terminating all main.exe processes...
[2026-09-25T02:29:17.233Z] [INFO] Terminating all main.exe processes...
[2026-09-26T02:43:48.638Z] [INFO] MU Online started
[2026-09-26T02:43:48.841Z] [INFO] Game data folder already exists
[2026-09-26T02:43:49.631Z] [INFO] Looking for Settings.ini at: C:\launcher\dist-limpo\win-unpacked\Settings.ini
[2026-09-26T02:43:49.632Z] [INFO] Settings.ini not found, using default performance settings
[2026-09-26T02:44:33.481Z] [INFO] Game exe path: C:\launcher\dist-limpo\win-unpacked\main.exe
[2026-09-26T02:44:33.483Z] [INFO] cwd: C:\launcher\dist-limpo\win-unpacked
[2026-09-26T02:44:35.165Z] [INFO] Game started with PID: 3144
[2026-09-26T02:44:37.177Z] [INFO] MU launched successfully
[2026-09-26T02:44:53.392Z] [INFO] Game process exited with code: 3221226356
[2026-09-26T03:06:07.228Z] [INFO] Terminating all main.exe processes...
[2026-09-26T03:06:07.243Z] [INFO] Terminating all main.exe processes...
[2026-09-26T03:06:07.247Z] [INFO] Terminating all main.exe processes...
[2026-09-30T02:56:23.009Z] [INFO] MU Online started
[2026-09-30T02:56:23.304Z] [INFO] Game data folder already exists
[2026-09-30T02:56:23.779Z] [INFO] Looking for Settings.ini at: C:\MUZoom\Settings.ini
[2026-09-30T02:56:23.780Z] [INFO] Settings.ini not found, using default performance settings
[2026-09-30T02:56:33.519Z] [INFO] Game exe path: C:\MUZoom\main.exe
[2026-09-30T02:56:33.521Z] [INFO] cwd: C:\MUZoom
[2026-09-30T02:56:35.300Z] [INFO] Game started with PID: 9296
[2026-09-30T02:56:37.314Z] [INFO] MU launched successfully
[2026-09-30T02:56:41.413Z] [INFO] Game process exited with code: 3221225477
[2026-09-30T02:57:11.284Z] [INFO] Game exe path: C:\MUZoom\main.exe
[2026-09-30T02:57:11.285Z] [INFO] cwd: C:\MUZoom
[2026-09-30T02:57:11.291Z] [INFO] Game started with PID: 9740
[2026-09-30T02:57:13.303Z] [INFO] MU launched successfully
[2026-09-30T02:57:46.212Z] [INFO] Game process exited with code: 3221226356
[2026-09-30T03:00:19.115Z] [INFO] MU Online started
[2026-09-30T03:00:19.162Z] [INFO] Terminating all main.exe processes...
[2026-09-30T03:00:23.017Z] [INFO] MU Online started
[2026-09-30T03:00:23.062Z] [INFO] Terminating all main.exe processes...
[2026-09-30T03:00:26.299Z] [INFO] Game exe path: C:\MUZoom\main.exe
[2026-09-30T03:00:26.300Z] [INFO] cwd: C:\MUZoom
[2026-09-30T03:00:26.305Z] [INFO] Game started with PID: 4528
[2026-09-30T03:00:28.319Z] [INFO] MU launched successfully
[2026-09-30T03:00:43.632Z] [INFO] Game process exited with code: 3221226356
[2026-09-30T03:47:28.009Z] [INFO] MU Online started
[2026-09-30T03:47:28.057Z] [INFO] Terminating all main.exe processes...
[2026-09-30T03:47:42.618Z] [INFO] Terminating all main.exe processes...
[2026-09-30T03:47:42.632Z] [INFO] Terminating all main.exe processes...
[2026-09-30T03:47:42.639Z] [INFO] Terminating all main.exe processes...
[2026-09-30T03:47:45.475Z] [INFO] MU Online started
[2026-09-30T03:47:45.626Z] [INFO] Game data folder already exists
[2026-09-30T03:47:45.894Z] [INFO] Looking for Settings.ini at: C:\MUZoom\Settings.ini
[2026-09-30T03:47:45.894Z] [INFO] Settings.ini not found, using default performance settings
[2026-09-30T03:48:03.172Z] [INFO] Game exe path: C:\MUZoom\main.exe
[2026-09-30T03:48:03.173Z] [INFO] cwd: C:\MUZoom
[2026-09-30T03:48:03.192Z] [INFO] Game started with PID: 15276
[2026-09-30T03:48:05.204Z] [INFO] MU launched successfully
[2026-09-30T03:48:36.041Z] [INFO] Terminating all main.exe processes...
[2026-09-30T03:48:36.042Z] [INFO] Terminating process 1 (PID: 15276)
[2026-09-30T03:48:36.061Z] [INFO] Terminating all main.exe processes...
[2026-09-30T03:48:36.067Z] [INFO] Terminating all main.exe processes...
[2026-09-30T04:03:19.937Z] [INFO] MU Online started
[2026-09-30T04:03:20.095Z] [INFO] Game data folder already exists
[2026-09-30T04:03:20.476Z] [INFO] Looking for Settings.ini at: C:\MUZoom\Settings.ini
[2026-09-30T04:03:20.477Z] [INFO] Settings.ini not found, using default performance settings
[2026-09-30T04:03:35.123Z] [INFO] Game exe path: C:\MUZoom\main.exe
[2026-09-30T04:03:35.125Z] [INFO] cwd: C:\MUZoom
[2026-09-30T04:03:35.134Z] [INFO] Game started with PID: 9672
[2026-09-30T04:03:37.150Z] [INFO] MU launched successfully
[2026-09-30T04:05:51.269Z] [INFO] Game process exited with code: 3221226356
[2026-09-30T04:06:22.594Z] [INFO] MU Online started
[2026-09-30T04:06:22.640Z] [INFO] Terminating all main.exe processes...
[2026-09-30T04:06:27.880Z] [INFO] MU Online started
[2026-09-30T04:06:27.924Z] [INFO] Terminating all main.exe processes...
[2026-09-30T04:07:05.400Z] [INFO] Terminating all main.exe processes...
[2026-09-30T04:07:05.414Z] [INFO] Terminating all main.exe processes...
[2026-09-30T04:07:05.418Z] [INFO] Terminating all main.exe processes...
[2026-09-30T04:07:07.367Z] [INFO] MU Online started
[2026-09-30T04:07:07.491Z] [INFO] Game data folder already exists
[2026-09-30T04:07:07.771Z] [INFO] Looking for Settings.ini at: C:\MUZoom\Settings.ini
[2026-09-30T04:07:07.772Z] [INFO] Settings.ini not found, using default performance settings
[2026-09-30T04:07:18.312Z] [INFO] Terminating all main.exe processes...
[2026-09-30T04:07:18.327Z] [INFO] Terminating all main.exe processes...
[2026-09-30T04:07:18.333Z] [INFO] Terminating all main.exe processes...
[2026-09-30T04:07:20.538Z] [INFO] MU Online started
[2026-09-30T04:07:20.663Z] [INFO] Game data folder already exists
[2026-09-30T04:07:20.937Z] [INFO] Looking for Settings.ini at: C:\MUZoom\Settings.ini
[2026-09-30T04:07:20.938Z] [INFO] Settings.ini not found, using default performance settings
[2026-09-30T04:07:39.999Z] [INFO] Terminating all main.exe processes...
[2026-09-30T04:07:40.019Z] [INFO] Terminating all main.exe processes...
[2026-09-30T04:07:40.024Z] [INFO] Terminating all main.exe processes...
[2026-09-30T04:07:49.185Z] [INFO] MU Online started
[2026-09-30T04:07:49.392Z] [INFO] Game data folder already exists
[2026-09-30T04:07:49.645Z] [INFO] Looking for Settings.ini at: C:\MUZoom\Settings.ini
[2026-09-30T04:07:49.646Z] [INFO] Settings.ini not found, using default performance settings
[2026-09-30T04:09:27.183Z] [INFO] Terminating all main.exe processes...
[2026-09-30T04:09:27.197Z] [INFO] Terminating all main.exe processes...
[2026-09-30T04:09:27.201Z] [INFO] Terminating all main.exe processes...
[2026-09-30T04:09:28.990Z] [INFO] MU Online started
[2026-09-30T04:09:29.129Z] [INFO] Game data folder already exists
[2026-09-30T04:09:29.388Z] [INFO] Looking for Settings.ini at: C:\MUZoom\Settings.ini
[2026-09-30T04:09:29.389Z] [INFO] Settings.ini not found, using default performance settings
[2026-09-30T04:35:32.506Z] [INFO] Terminating all main.exe processes...
[2026-09-30T04:35:32.527Z] [INFO] Terminating all main.exe processes...
[2026-09-30T04:35:32.534Z] [INFO] Terminating all main.exe processes...
[2026-09-30T06:33:01.860Z] [INFO] MU Online started
[2026-09-30T06:33:02.621Z] [INFO] Game data folder already exists
[2026-09-30T06:33:03.337Z] [INFO] Looking for Settings.ini at: C:\MUZoom\Settings.ini
[2026-09-30T06:33:03.338Z] [INFO] Settings.ini not found, using default performance settings
[2026-09-30T06:33:10.133Z] [INFO] Terminating all main.exe processes...
[2026-09-30T06:33:10.152Z] [INFO] Terminating all main.exe processes...
[2026-09-30T06:33:10.157Z] [INFO] Terminating all main.exe processes...
