00:48:03 ----------------------------------------------------------------------------------------------------
00:48:03 [CheckSystemInformation] ClientVersion: 1.7.0, SystemVersion: 6.2.9200, MemoryUsage: 6947/16267mb
00:48:03 [SplashScreen] SplashType: 0, TextSwitch: 1, DisplayText: Licensed to: MUZoom
00:48:03 [CHClientInfoSend] IsReconnect: 0, ClientFileCRC: 5CDF67F3, HackVersion: 1.7.0, HardwareId: 089DB32A-A5AAF0B3-C7628F7D-BA12E8D5
00:48:03 [HCClientInfoRecv] Result: 0, EncDecKey: 0 - 0, InternalVersion: 0, Reconnect: 1, MemoryGuard: 0 - 3, MacroProtect: 1 - 6, MemoryAddress: E611B2 - E61F68 - E61F70 - 8793718 - 8128AC8 - E8C578 - 9D0040 - 9CFC26
00:48:03 [HCDumpListRecv] Count: 113, MaxCount: 1965
00:48:03 [HCDumpListRecv] Count: 113, MaxCount: 1965
00:48:03 [HCDumpListRecv] Count: 113, MaxCount: 1965
00:48:03 [HCDumpListRecv] Count: 113, MaxCount: 1965
00:48:03 [HCDumpListRecv] Count: 113, MaxCount: 1965
00:48:03 [HCDumpListRecv] Count: 113, MaxCount: 1965
00:48:03 [HCDumpListRecv] Count: 113, MaxCount: 1965
00:48:03 [HCDumpListRecv] Count: 113, MaxCount: 1965
00:48:03 [HCDumpListRecv] Count: 113, MaxCount: 1965
00:48:03 [HCDumpListRecv] Count: 113, MaxCount: 1965
00:48:03 [HCDumpListRecv] Count: 113, MaxCount: 1965
00:48:03 [HCDumpListRecv] Count: 113, MaxCount: 1965
00:48:03 [HCDumpListRecv] Count: 113, MaxCount: 1965
00:48:03 [HCDumpListRecv] Count: 113, MaxCount: 1965
00:48:03 [HCDumpListRecv] Count: 113, MaxCount: 1965
00:48:03 [HCDumpListRecv] Count: 113, MaxCount: 1965
00:48:03 [HCDumpListRecv] Count: 113, MaxCount: 1965
00:48:03 [HCDumpListRecv] Count: 44, MaxCount: 1965
00:48:03 [HCChecksumListRecv] Count: 0, MaxCount: 0
00:48:03 [HCInternalListRecv] Count: 15, MaxCount: 15
00:48:03 [HCWindowListRecv] Count: 0, MaxCount: 0
00:48:03 [EntryProc] DumpListMaxCount: 1965, ChecksumListMaxCount: 0, InternalListMaxCount: 15, WindowListMaxCount: 0
00:48:05 [EntryProc] Initialization successful
01:03:35 ----------------------------------------------------------------------------------------------------
01:03:35 [CheckSystemInformation] ClientVersion: 1.7.0, SystemVersion: 6.2.9200, MemoryUsage: 6743/16267mb
01:03:35 [SplashScreen] SplashType: 0, TextSwitch: 1, DisplayText: Licensed to: MUZoom
01:03:35 [CHClientInfoSend] IsReconnect: 0, ClientFileCRC: 5CDF67F3, HackVersion: 1.7.0, HardwareId: 089DB32A-A5AAF0B3-C7628F7D-BA12E8D5
01:03:35 [HCClientInfoRecv] Result: 0, EncDecKey: 0 - 0, InternalVersion: 0, Reconnect: 1, MemoryGuard: 0 - 3, MacroProtect: 1 - 6, MemoryAddress: E611B2 - E61F68 - E61F70 - 8793718 - 8128AC8 - E8C578 - 9D0040 - 9CFC26
01:03:35 [HCDumpListRecv] Count: 113, MaxCount: 1965
01:03:35 [HCDumpListRecv] Count: 113, MaxCount: 1965
01:03:35 [HCDumpListRecv] Count: 113, MaxCount: 1965
01:03:35 [HCDumpListRecv] Count: 113, MaxCount: 1965
01:03:35 [HCDumpListRecv] Count: 113, MaxCount: 1965
01:03:35 [HCDumpListRecv] Count: 113, MaxCount: 1965
01:03:35 [HCDumpListRecv] Count: 113, MaxCount: 1965
01:03:35 [HCDumpListRecv] Count: 113, MaxCount: 1965
01:03:35 [HCDumpListRecv] Count: 113, MaxCount: 1965
01:03:35 [HCDumpListRecv] Count: 113, MaxCount: 1965
01:03:35 [HCDumpListRecv] Count: 113, MaxCount: 1965
01:03:35 [HCDumpListRecv] Count: 113, MaxCount: 1965
01:03:35 [HCDumpListRecv] Count: 113, MaxCount: 1965
01:03:35 [HCDumpListRecv] Count: 113, MaxCount: 1965
01:03:35 [HCDumpListRecv] Count: 113, MaxCount: 1965
01:03:35 [HCDumpListRecv] Count: 113, MaxCount: 1965
01:03:35 [HCDumpListRecv] Count: 113, MaxCount: 1965
01:03:35 [HCDumpListRecv] Count: 44, MaxCount: 1965
01:03:35 [HCChecksumListRecv] Count: 0, MaxCount: 0
01:03:35 [HCInternalListRecv] Count: 15, MaxCount: 15
01:03:35 [HCWindowListRecv] Count: 0, MaxCount: 0
01:03:35 [EntryProc] DumpListMaxCount: 1965, ChecksumListMaxCount: 0, InternalListMaxCount: 15, WindowListMaxCount: 0
01:03:37 [EntryProc] Initialization successful
01:05:51 [SplashScreen] SplashType: 2, TextSwitch: 1, DisplayText: Protection was completed incorrectly
